304.scala
A.scala
List1.scala
MailBox.scala
S1.scala
S3.scala
S5.scala
S8.scala
X.scala
Z.scala
abstract.scala
aliases.scala
arrays2.scala
attributes.scala
bug082.scala
bug1.scala
bug115.scala
bug116.scala
bug119.scala
bug121.scala
bug123.scala
bug124.scala
bug151.scala
bug159.scala
bug160.scala
bug17.scala
bug175.scala
bug177.scala
bug183.scala
bug193.scala
bug2.scala
bug20.scala
bug201.scala
bug204.scala
bug210.scala
bug211.scala
bug229.scala
bug245.scala
bug267.scala
bug287.scala
bug289.scala
bug29.scala
bug295.scala
bug30.scala
bug304.scala
bug31.scala
bug318.scala
bug32.scala
bug342.scala
bug348plus.scala
bug359.scala
bug36.scala
bug360.scala
bug361.scala
bug372.scala
bug39.scala
bug49.scala
bug53.scala
bug54.scala
bug61.scala
bug64.scala
bug66.scala
bug68.scala
bug69.scala
bug76.scala
bug81.scala
bug85.scala
bug91.scala
bug93.scala
cls.scala
cls1.scala
clsrefine.scala
compile.scala
compound.scala
constfold.scala
context.scala
eta.scala
exceptions.scala
expressions-current.scala
gui.scala
imports.scala
infer.scala
infer2.scala
lambda.scala
lambdalift.scala
lambdalift1.scala
localmodules.scala
matthias1.scala
matthias3.scala
matthias4.scala
matthias5.scala
maxim1.scala
michel1.scala
michel2.scala
michel3.scala
michel4.scala
michel5.scala
michel6.scala
mixins.scala
modules.scala
modules1.scala
moduletrans.scala
nested.scala
null.scala
orderedpoints.scala
override.scala
partialfun.scala
patterns.scala
patterns1.scala
patterns2.scala
patterns3.scala
philippe1.scala
philippe2.scala
philippe3.scala
philippe4.scala
pmbug.scala
propagate.scala
rebind.scala
refine.scala
reftest.scala
scall.bat
scoping1.scala
scoping2.scala
scoping3.scala
seqtest2.scala
simplelists.scala
stable.scala
strings.scala
test1.scala
test2.scala
test4.scala
test4a.scala
test4refine.scala
test5.scala
test5refine.scala
testcast.scala
thistype.scala
thistypes.scala
traits.scala
valdefs.scala
viewtest1.scala
viewtest2.scala
viewtest3.scala
