############################################################-*-Makefile-*-####
# scala compiler source files (paths are relative to ./sources/scalac)
##############################################################################
# $Id$

ApplicationError.java
CompilerCommand.java
CompilerPhases.java
Global.java
Phase.java
PhaseDescriptor.java
Unit.java

ast/parser/PatternNormalizer.java

ast/DefaultTreeFactory.java
ast/LazyTreeCopier.java
ast/StrictTreeCopier.java
ast/Transformer.java
ast/Traverser.java
ast/Tree.java
ast/TreeCloner.java
ast/TreeCopier.java
ast/TreeFactory.java
ast/TreeGen.java
ast/TreeInfo.java
ast/TreeList.java
ast/TreeSymbolCloner.java

ast/printer/TreePrinter.java

atree/AArithmeticOp.java
atree/AClass.java
atree/ACode.java
atree/AComparisonOp.java
atree/AConstant.java
atree/AField.java
atree/AFunction.java
atree/AInvokeStyle.java
atree/ALocation.java
atree/ALogicalOp.java
atree/AMember.java
atree/AMethod.java
atree/APrimitive.java
atree/ARepository.java
atree/AShiftOp.java
atree/ATestOp.java
atree/ATreeFactory.java
atree/ATreeFromSTree.java
atree/ATreePrinter.java
atree/ATreeTyper.java
atree/ATypeKind.java

backend/Primitive.java
backend/Primitives.java
backend/jvm/GenJVMPhase.java
backend/jvm/GenJVM.java
backend/msil/GenMSIL.java
backend/msil/GenMSILPhase.java
backend/msil/TypeCreator.java

checkers/CheckSymbols.java
checkers/CheckTreeNodes.java
checkers/CheckTypes.java
checkers/Checker.java
checkers/TreeChecker.java

framework/History.java
framework/Promise.java

symtab/classfile/AttributeParser.java
symtab/classfile/CLRPackageParser.java
symtab/classfile/CLRClassParser.java
symtab/classfile/ClassParser.java
symtab/classfile/ClassfileConstants.java
symtab/classfile/ClassfileParser.java
symtab/classfile/ConstantPool.java
symtab/classfile/JavaTypeCreator.java
symtab/classfile/JavaTypeFactory.java
symtab/classfile/MetadataParser.java
symtab/classfile/PackageParser.java
symtab/classfile/Signatures.java
symtab/classfile/SymblParser.java
symtab/classfile/Pickle.java
symtab/classfile/UnPickle.java

symtab/ClosureHistory.java
symtab/Definitions.java
symtab/EntryTags.java
symtab/Kinds.java
symtab/Modifiers.java
symtab/Scope.java
symtab/SourceCompleter.java
symtab/SymSet.java
symtab/Symbol.java
symtab/SymbolCloner.java
symtab/SymbolComparator.java
symtab/SymbolNameWriter.java
symtab/SymbolSubstTypeMap.java
symtab/SymbolTablePrinter.java
symtab/Type.java
symtab/TypeTags.java

transformer/AddAccessorsPhase.java
transformer/AddConstructors.java
transformer/AddConstructorsPhase.java
transformer/AddInterfaces.java
transformer/AddInterfacesPhase.java
transformer/Erasure.java
transformer/ErasurePhase.java
transformer/ExpandMixinsPhase.java
transformer/ExplicitOuterClassesPhase.java
transformer/LambdaLift.java
transformer/LambdaLiftPhase.java
transformer/MakeBoxingExplicitPhase.java
transformer/OwnerTransformer.java
transformer/TailCallPhase.java
transformer/TransMatch.java
transformer/TransMatchPhase.java
transformer/UnCurry.java
transformer/UnCurryPhase.java

transformer/matching/AlgebraicMatcher.java
transformer/matching/Autom2Scala.java
transformer/matching/BindingBerrySethi.java
transformer/matching/BerrySethi.java
transformer/matching/CaseEnv.java
transformer/matching/CodeFactory.java
transformer/matching/CollectVariableTraverser.java
transformer/matching/DetWordAutom.java
transformer/matching/FreshVariableTraverser.java
transformer/matching/Label.java
transformer/matching/TracerInScala.java
transformer/matching/LeftTracerInScala.java
transformer/matching/NondetWordAutom.java
transformer/matching/NoSeqVariableTraverser.java
transformer/matching/PatternMatcher.java
transformer/matching/PatternNode.java
transformer/matching/PatternNodeCreator.java
transformer/matching/PatternTool.java
transformer/matching/RightTracerInScala.java
transformer/matching/SequenceMatcher.java
transformer/matching/StateSetComparator.java
transformer/matching/TestRegTraverser.java
transformer/matching/VariableTraverser.java
transformer/matching/WordAutomInScala.java

typechecker/AnalyzerPhase.java
typechecker/ConstantFolder.java
typechecker/Infer.java
typechecker/RefCheck.java
typechecker/RefCheckPhase.java

util/AbstractFile.java
util/AbstractFileReader.java
util/ArrayApply.java
util/ClassPath.java
util/Debug.java
util/EmptyPhase.java
util/FreshNameCreator.java
util/Name.java
util/NameTransformer.java
util/Names.java
util/OptionParser.java
util/PrefixMatcher.java
util/Reporter.java
util/SourceRepresentation.java
util/Strings.java
util/TypeNames.java
util/UniqueID.java

transformer/ICodePhase.java

##############################################################################
