################################################################-*-text-*-####
# scala compiler source files (paths are relative to ./sources/scalac)
##############################################################################
# $Id$

ApplicationError.java
CompilerCommand.java
Global.java
Main.java
Phase.java
PhaseDescriptor.java
PhaseRepository.java
Unit.java

ast/parser/Parser.java
ast/parser/ParserPhase.java
ast/parser/Scanner.java
ast/parser/SourceRepresentation.java
ast/parser/Sourcefile.java
ast/parser/TokenData.java
ast/parser/Tokens.java
ast/AbstractTreeCopyFactory.java
ast/LazyTreeFactory.java
ast/Transformer.java
ast/Traverser.java
ast/Tree.java
ast/TreeCopyFactory.java
ast/TreeCreator.java
ast/TreeFactory.java
ast/TreeGen.java
ast/TreeInfo.java
ast/TreeList.java
ast/printer/HTMLTreePrinter.java
ast/printer/TextTreePrinter.java
ast/printer/TreePrinter.java

checkers/CheckOwners.java
checkers/CheckSymbols.java
checkers/CheckTypes.java
checkers/Checker.java

symtab/classfile/AttributeParser.java
symtab/classfile/ClassParser.java
symtab/classfile/ClassfileConstants.java
symtab/classfile/ClassfileParser.java
symtab/classfile/ConstantPool.java
symtab/classfile/JavaTypeCreator.java
symtab/classfile/JavaTypeFactory.java
symtab/classfile/PackageParser.java
symtab/classfile/Signatures.java
symtab/Definitions.java
symtab/Kinds.java
symtab/Modifiers.java
symtab/NameMangler.java
symtab/Scope.java
symtab/SourceCompleter.java
symtab/SymSet.java
symtab/Symbol.java
symtab/Type.java
symtab/TypeTags.java

transformer/LambdaLift.java
transformer/LambdaLiftPhase.java
transformer/OwnerTransformer.java
transformer/UnCurry.java
transformer/UnCurryPhase.java

typechecker/Analyzer.java
typechecker/AnalyzerPhase.java
typechecker/Context.java
typechecker/DeSugarize.java
typechecker/ImportList.java
typechecker/Infer.java
typechecker/RefCheck.java
typechecker/RefCheckPhase.java

util/AbstractFile.java
util/AbstractFileReader.java
util/ArrayApply.java
util/ClassPath.java
util/Debug.java
util/FreshNameCreator.java
util/Name.java
util/NameTransformer.java
util/Names.java
util/OptionParser.java
util/Position.java
util/PrefixMatcher.java
util/Reporter.java
util/SourceRepresentation.java
util/Strings.java
util/UniqueID.java

##############################################################################
