############################################################-*-Makefile-*-####
# nsc library files (paths are relative to ./sources/scala)
##############################################################################
# $Id$

AnyVal.java
#Array.java
Boolean.java
Byte.java
Char.java
Double.java
Float.java
Int.java
Long.java
MatchError.java
Ref.java
#ScalaObject.java
Short.java
Type.java
Unit.java

runtime/AtomicReference.java
runtime/BooleanRef.java
runtime/BoxedBoolean.java
runtime/BoxedByte.java
runtime/BoxedChar.java
runtime/BoxedDouble.java
runtime/BoxedFloat.java
runtime/BoxedInt.java
runtime/BoxedLong.java
runtime/BoxedNumber.java
runtime/BoxedShort.java
runtime/BoxedUnit.java
runtime/ByteRef.java
runtime/CharRef.java
runtime/DoubleRef.java
runtime/FNV_Hash.java
runtime/FloatRef.java
runtime/IOMap.java
runtime/IntRef.java
runtime/InterpreterSupport.java
runtime/LongRef.java
runtime/ObjectRef.java
runtime/RunTime.java
runtime/ShortRef.java

runtime/types/ClassType.java
runtime/types/JavaClassType.java
runtime/types/JavaRefArrayType.java
runtime/types/ScalaClassType.java
runtime/types/LazyParents.java
runtime/types/CompoundType.java
runtime/types/SingleType.java
runtime/types/ValueType.java
runtime/types/TypeBoolean.java
runtime/types/TypeByte.java
runtime/types/TypeChar.java
runtime/types/TypeConstructor.java
runtime/types/TypeDouble.java
runtime/types/TypeFloat.java
runtime/types/TypeInt.java
runtime/types/TypeLong.java
runtime/types/TypeShort.java
runtime/types/TypeUnit.java
runtime/types/SpecialType.java
runtime/types/TypeAll.java
runtime/types/TypeAllRef.java
runtime/types/TypeAny.java
runtime/types/TypeAnyVal.java
runtime/types/Statistics.java

tools/util/AbstractFile.java
tools/util/AbstractFileReader.java
tools/util/AbstractReporter.java
tools/util/AbstractTimer.java
tools/util/ByteArrayFile.java
tools/util/CharArrayFile.java
tools/util/ClassPath.java
tools/util/ConsoleReporter.java
tools/util/DirectoryPath.java
tools/util/DummyTimer.java
tools/util/EmptyIterator.java
tools/util/PlainFile.java
tools/util/Position.java
tools/util/Reporter.java
tools/util/ReporterTimer.java
tools/util/SourceFile.java
tools/util/SourceReader.java
tools/util/StringBufferWriter.java
tools/util/Timer.java
tools/util/UTF8Codec.java
tools/util/VirtualDirectory.java
tools/util/VirtualFile.java
tools/util/ZipArchive.java

##############################################################################
