################################################################-*-text-*-####
# scala library files (paths are relative to ./sources/scala)
##############################################################################
# $Id$

$colon$colon.scala
BufferedIterator.scala
Cell.scala
Except.scala
HashMap.scala
HashSet.scala
HashTable.scala
Iterable.scala
Iterator.scala
Labelled.scala
LinkedList.scala
List.scala
ListBuffer.scala
ListMap.scala
ListSet.scala
Map.scala
MapImpl.scala
Monitor.scala
MutableMap.scala
Nil.scala
None.scala
Option.scala
Ord.scala
PartialFunction.scala
Predef.scala
Seq.scala
Set.scala
Some.scala
Stream.scala
Symbol.scala
SynchronizedSet.scala
Tuple1.scala
Tuple2.scala
Tuple3.scala
Tuple4.scala
Tuple5.scala
Tuple6.scala
Tuple7.scala
Tuple8.scala
Tuple9.scala
UnitTest.scala

concurrent/Actor.scala
concurrent/Channel.scala
concurrent/Lock.scala
concurrent/MailBox.scala
concurrent/SyncChannel.scala
concurrent/SyncVar.scala
concurrent/TIMEOUT.scala
concurrent/ops.scala

xml/Element.scala

xml/java/HashMap.scala
xml/java/Map.scala

##############################################################################
