################################################################-*-text-*-####
# scala library files (paths are relative to ./sources/scala)
##############################################################################
# $Id$

$colon$colon.scala
BufferedIterator.scala
Cell.scala
Iterable.scala
Iterator.scala
Labelled.scala
List.scala
Monitor.scala
Nil.scala
None.scala
Option.scala
Ord.scala
PartialFunction.scala
Predef.scala
Seq.scala
Some.scala
Stream.scala
Symbol.scala
Tuple1.scala
Tuple2.scala
Tuple3.scala
Tuple4.scala
Tuple5.scala
Tuple6.scala
Tuple7.scala
Tuple8.scala
Tuple9.scala

collection/Map.scala
collection/Set.scala

collection/mutable/Buffer.scala
collection/mutable/DefaultMapModel.scala
collection/mutable/DoubleLinkedList.scala
collection/mutable/HashMap.scala
collection/mutable/HashSet.scala
collection/mutable/HashTable.scala
collection/mutable/History.scala
collection/mutable/Inclusion.scala
collection/mutable/LinkedList.scala
collection/mutable/MutableList.scala
collection/mutable/Map.scala
collection/mutable/Modification.scala
collection/mutable/MultiMap.scala
collection/mutable/ObservableMap.scala
collection/mutable/ObservableSet.scala
collection/mutable/ObservableUpdate.scala
collection/mutable/Publisher.scala
collection/mutable/Queue.scala
collection/mutable/Removal.scala
collection/mutable/Reset.scala
collection/mutable/RevertableHistory.scala
collection/mutable/Set.scala
collection/mutable/SingleLinkedList.scala
collection/mutable/Stack.scala
collection/mutable/Subscriber.scala
collection/mutable/SynchronizedMap.scala
collection/mutable/SynchronizedSet.scala
collection/mutable/Undo.scala

collection/immutable/ListMap.scala
collection/immutable/ListSet.scala
collection/immutable/Map.scala
collection/immutable/Set.scala
collection/immutable/Queue.scala
collection/immutable/GBTree.scala

concurrent/Actor.scala
concurrent/Channel.scala
concurrent/Lock.scala
concurrent/MailBox.scala
concurrent/SyncChannel.scala
concurrent/SyncVar.scala
concurrent/TIMEOUT.scala
concurrent/ops.scala

runtime/ScalaRunTime.scala

xml/Element.scala

xml/javaAdapter/HashMap.scala
xml/javaAdapter/Map.scala

##############################################################################
