############################################################-*-Makefile-*-####
# scala library files (paths are relative to ./sources/scala)
##############################################################################
# $Id$

$colon$colon.scala
AnyVal.java
Array.java
Boolean.java
BufferedIterator.scala
Byte.java
Cell.scala
Char.java
Console.scala
Double.java
Application.scala
Enumeration.scala
Float.java
Function0.java
Function1.java
Function2.java
Function3.java
Function4.java
Function5.java
Function6.java
Function7.java
Function8.java
Function9.java
Int.java
Iterable.scala
Iterator.scala
List.scala
Long.java
MatchError.java
Nil.scala
None.scala
Option.scala
Ord.scala
#Ordered.scala
#PartiallyOrdered.scala
PartialFunction.scala
Predef.scala
Ref.java
ScalaObject.java
Seq.scala
Short.java
Some.scala
Stream.scala
Symbol.scala
Tuple1.scala
Tuple2.scala
Tuple3.scala
Tuple4.scala
Tuple5.scala
Tuple6.scala
Tuple7.scala
Tuple8.scala
Tuple9.scala
Type.java
Unit.java

collection/Map.scala
collection/MapProxy.scala
collection/Set.scala
collection/SetProxy.scala

collection/mutable/AppendBuffer.scala
collection/mutable/ArrayBuffer.scala
collection/mutable/Buffer.scala
collection/mutable/DefaultMapModel.scala
collection/mutable/DoubleLinkedList.scala
collection/mutable/HashMap.scala
collection/mutable/HashSet.scala
collection/mutable/HashTable.scala
collection/mutable/History.scala
collection/mutable/ImmutableMapAdaptor.scala
collection/mutable/ImmutableSetAdaptor.scala
collection/mutable/Inclusion.scala
collection/mutable/JavaMapAdaptor.scala
collection/mutable/JavaSetAdaptor.scala
collection/mutable/LinkedList.scala
collection/mutable/ListBuffer.scala
collection/mutable/Map.scala
collection/mutable/MapProxy.scala
collection/mutable/Modification.scala
collection/mutable/MultiMap.scala
collection/mutable/MutableList.scala
collection/mutable/ObservableMap.scala
collection/mutable/ObservableSet.scala
collection/mutable/ObservableUpdate.scala
collection/mutable/Publisher.scala
collection/mutable/Queue.scala
collection/mutable/Removal.scala
collection/mutable/Reset.scala
collection/mutable/RevertableHistory.scala
collection/mutable/Set.scala
collection/mutable/SetProxy.scala
collection/mutable/SingleLinkedList.scala
collection/mutable/Stack.scala
collection/mutable/Subscriber.scala
collection/mutable/SynchronizedMap.scala
collection/mutable/SynchronizedSet.scala
collection/mutable/Undo.scala

collection/immutable/Tree.scala
collection/immutable/ListMap.scala
collection/immutable/TreeMap.scala
collection/immutable/ListSet.scala
collection/immutable/Map.scala
collection/immutable/Order.scala
collection/immutable/Queue.scala
collection/immutable/Set.scala
collection/immutable/Stack.scala

concurrent/Actor.scala
concurrent/MailBox.scala
concurrent/Channel.scala
concurrent/Lock.scala
concurrent/SyncChannel.scala
concurrent/SyncVar.scala
concurrent/TIMEOUT.scala
# concurrent/jolib.scala
concurrent/ops.scala
concurrent/pilib.scala
concurrent/Process.scala
concurrent/NameServer.scala

runtime/InterpreterSupport.java
runtime/NativeLoop.java
# runtime/NativeMonitor.java
runtime/ResultOrException.java
runtime/RunTime.java
runtime/ScalaRunTime.scala

testing/UnitTest.scala

xml/BindingFactoryAdapter.scala
xml/Elem.scala
xml/EntityRef.scala
xml/FactoryAdapter.scala
xml/Node.scala
xml/NodeSeq.scala
xml/Text.scala
xml/Utility.scala

xml/nobinding/NoBindingFactoryAdapter.scala
xml/nobinding/XML.scala

xml/path/Expression.scala
xml/path/Tokens.scala
xml/path/Scanner.scala
xml/path/Parser.scala

##############################################################################
