############################################################-*-Makefile-*-####
# new scalac source files (paths are relative to ./sources/scala/tools/nsc)
##############################################################################
# $Id$

CompilationUnits.scala
CompilerCommand.scala
FatalError.scala
Global.scala
Main.scala
NoPhase.scala
Phase.scala
Settings.scala
SubComponent.scala

ast/TreeBrowsers.scala
ast/TreeGen.scala
ast/TreeInfo.scala
ast/TreePrinters.scala
ast/Trees.scala
ast/parser/Parsers.scala
ast/parser/Scanners.scala
ast/parser/SyntaxAnalyzer.scala
ast/parser/Tokens.scala
ast/parser/TreeBuilder.scala

matching/AlgebraicMatchers.scala
matching/Autom2Scala.scala
matching/BerrySethis.scala
matching/CodeFactory.scala
matching/DetWordAutom.scala
matching/LeftTracerInScala.scala
matching/MatcherLabels.scala
matching/NondetWordAutoms.scala
matching/Npair.scala
matching/PatternMatchers.scala
matching/PatternNodeCreator.scala
matching/PatternNodes.scala
matching/RightTracerInScala.scala
matching/SequenceMatchers.scala
matching/StateSetComparator.scala
matching/TransMatcher.scala
matching/WordAutomInScala.scala

symtab/Constants.scala
symtab/Definitions.scala
symtab/Flags.scala
symtab/InfoTransformers.scala
symtab/Names.scala
symtab/Scopes.scala
symtab/StdNames.scala
symtab/SymbolLoaders.scala
symtab/SymbolTable.scala
symtab/Symbols.scala
symtab/Types.scala
symtab/classfile/ClassfileConstants.scala
symtab/classfile/ClassfileParser.scala
symtab/classfile/MetaParser.scala
symtab/classfile/PickleBuffer.scala
symtab/classfile/PickleFormat.scala
symtab/classfile/Pickler.scala
symtab/classfile/SymblfileParser.scala
symtab/classfile/UnPickler.scala

transform/AddInterfaces.scala
transform/Constructors.scala
transform/Erasure.scala
transform/ExplicitOuter.scala
transform/Flatten.scala
transform/InfoTransform.scala
transform/LambdaLift.scala
transform/OverridingPairs.scala
transform/Mixin.scala
transform/SampleTransform.scala
transform/TailCalls.scala
transform/Transform.scala
transform/UnCurry.scala

typechecker/Analyzer.scala
typechecker/ConstantFolder.scala
typechecker/Contexts.scala
typechecker/EtaExpansion.scala
typechecker/Infer.scala
typechecker/Namers.scala
typechecker/TreeCheckers.scala
typechecker/Typers.scala
typechecker/Variances.scala

util/CharArrayReader.scala
util/FreshNameCreator.scala
util/HashSet.scala
util/LinkedList.scala
util/ListBuffer.scala
util/NameTransformer.scala
util/Set.scala
util/ShowPickled.scala
util/Statistics.scala
util/TreeSet.scala

backend/ScalaPrimitives.scala
backend/WorklistAlgorithm.scala
backend/icode/BasicBlocks.scala
backend/icode/CheckerError.scala
backend/icode/Checkers.scala
backend/icode/ExceptionHandlers.scala
backend/icode/GenICode.scala
backend/icode/ICodes.scala
backend/icode/Linearizers.scala
backend/icode/Members.scala
backend/icode/Opcodes.scala
backend/icode/Primitives.scala
backend/icode/Printers.scala
backend/icode/TypeKinds.scala
backend/icode/TypeStacks.scala


##############################################################################
