############################################################-*-Makefile-*-####
# new scalac source files (paths are relative to ./sources/scala/tools/nsc)
##############################################################################
# $Id$

CompilationUnits.scala
CompilerCommand.scala
FatalError.scala
Global.scala
Main.scala
NoPhase.scala
Phase.scala
Settings.scala
StdPhase.scala

ast/TreeGen.scala
ast/TreeInfo.scala
ast/TreePrinters.scala
ast/Trees.scala
ast/parser/ParserPhase.scala
ast/parser/Parsers.scala
ast/parser/Scanners.scala
ast/parser/Tokens.scala
ast/parser/TreeBuilder.scala

matching/CodeFactory.scala
#matching/PartialMatcher.scala
#matching/PatternMatcher.scala
matching/PatternNodeCreator.scala
matching/PatternNodes.scala
matching/PatternUtil.scala
#matching/TransMatcher.scala

symtab/Definitions.scala
symtab/Flags.scala
symtab/InfoTransformers.scala
symtab/Names.scala
symtab/Scopes.scala
symtab/StdNames.scala
symtab/SymbolLoaders.scala
symtab/SymbolTable.scala
symtab/Symbols.scala
symtab/Types.scala
symtab/classfile/ClassfileConstants.scala
symtab/classfile/ClassfileParser.scala
symtab/classfile/Constant.scala
symtab/classfile/MetaParser.scala
symtab/classfile/PickleBuffer.scala
symtab/classfile/PickleFormat.scala
symtab/classfile/Pickler.scala
symtab/classfile/SymblfileParser.scala
symtab/classfile/UnPickler.scala

transform/SampleTransform.scala
transform/Transform.scala
transform/TypesAsValues.scala

typechecker/Analyzer.scala
typechecker/ConstantFolder.scala
typechecker/Contexts.scala
typechecker/EtaExpansion.scala
typechecker/Infer.scala
typechecker/Namers.scala
typechecker/TreeCheckers.scala
typechecker/Typers.scala
typechecker/Variances.scala

util/CharArrayReader.scala
util/FreshNameCreator.scala
util/LinkedList.scala
util/ListBuffer.scala
util/NameTransformer.scala
util/ShowPickled.scala

##############################################################################
