############################################################-*-Makefile-*-####
# scalac source files (paths are relative to ./sources/scala/tools/scalac)
##############################################################################
# $Id$

CompilerPhases.scala
Global.scala
Main.scala

ast/TreeList.scala

ast/parser/MarkupParser.scala
ast/parser/Parser.scala
ast/parser/ParserPhase.scala
ast/parser/PatternNormalizer.scala
ast/parser/Scanner.scala
ast/parser/TokenData.scala
ast/parser/Tokens.scala

ast/printer/HTMLPrinter.scala
ast/printer/TextTreePrinter.scala

transformer/TransMatch.scala 
transformer/TransMatchPhase.scala 
transformer/matching/FullRegularTranslator.scala 
transformer/matching/GrammarPrinter.scala 
transformer/matching/MutableGrammar.scala 
transformer/matching/PatternTest.scala 
transformer/matching/PatternInfo.scala 

typechecker/Analyzer.scala
typechecker/AnalyzerPhase.scala
typechecker/ConstantFolder.scala
typechecker/Context.scala
typechecker/DeSugarize.scala
typechecker/ImportList.scala
typechecker/Infer.scala
typechecker/Substituter.scala
typechecker/View.scala

util/NewArray.scala

icode/ICodePhase.scala
icode/IBasicBlock.scala
icode/ICInstruction.scala
icode/ICode.scala
icode/ICodePrinter.scala
icode/ICTypeStack.scala

backend/GenJVMFromICode.scala
backend/GenJVMFromICodePhase.scala

# Temporary hack - iuli
MyCompilerPhases.scala

wholeprog/ApplicationBuilder.scala
wholeprog/PrintDotFile.scala
wholeprog/MonomorphicCS.scala
wholeprog/Inline.scala

# graph library - iuli
wholeprog/graph/Graph.scala

##############################################################################
