############################################################-*-Makefile-*-####
# scalac source files (paths are relative to ./sources/scala/tools/scalac)
##############################################################################
# $Id$

../../../scalac/ApplicationError.java
../../../scalac/CompilerCommand.java
../../../scalac/CompilerPhases.java
../../../scalac/Global.java
../../../scalac/Phase.java
../../../scalac/PhaseDescriptor.java
../../../scalac/CompilationLoop.java
../../../scalac/CompilationUnit.java

../../../scalac/ast/DefaultTreeFactory.java
../../../scalac/ast/LazyTreeCopier.java
../../../scalac/ast/StrictTreeCopier.java
../../../scalac/ast/Transformer.java
../../../scalac/ast/Traverser.java
../../../scalac/ast/Tree.java
../../../scalac/ast/TreeCloner.java
../../../scalac/ast/TreeCopier.java
../../../scalac/ast/TreeFactory.java
../../../scalac/ast/TreeGen.java
../../../scalac/ast/TreeInfo.java
../../../scalac/ast/TreeList.java

../../../scalac/ast/printer/TreePrinter.java

../../../scalac/atree/AArithmeticOp.java
../../../scalac/atree/AClass.java
../../../scalac/atree/ACode.java
../../../scalac/atree/AComparisonOp.java
../../../scalac/atree/AConstant.java
../../../scalac/atree/AField.java
../../../scalac/atree/AFunction.java
../../../scalac/atree/AInvokeStyle.java
../../../scalac/atree/ALocation.java
../../../scalac/atree/ALogicalOp.java
../../../scalac/atree/AMember.java
../../../scalac/atree/AMethod.java
../../../scalac/atree/APrimitive.java
../../../scalac/atree/ARepository.java
../../../scalac/atree/AShiftOp.java
../../../scalac/atree/ATestOp.java
../../../scalac/atree/ATreeFactory.java
../../../scalac/atree/ATreeFromSTree.java
../../../scalac/atree/ATreePrinter.java
../../../scalac/atree/ATreeTyper.java
../../../scalac/atree/ATypeKind.java

../../../scalac/backend/Primitive.java
../../../scalac/backend/Primitives.java
../../../scalac/backend/jvm/GenJVM.java
../../../scalac/backend/msil/GenMSIL.java
../../../scalac/backend/msil/TypeCreator.java

../../../scalac/checkers/CheckTreeNodes.java
../../../scalac/checkers/TreeChecker.java

../../../scalac/framework/History.java
../../../scalac/framework/Promise.java

../../../scalac/symtab/classfile/AttributeParser.java
../../../scalac/symtab/classfile/CLRClassParser.java
../../../scalac/symtab/classfile/CLRPackageParser.java
../../../scalac/symtab/classfile/CLRTypes.java
../../../scalac/symtab/classfile/ClassParser.java
../../../scalac/symtab/classfile/ClassfileConstants.java
../../../scalac/symtab/classfile/ClassfileParser.java
../../../scalac/symtab/classfile/ConstantPool.java
../../../scalac/symtab/classfile/JavaTypeCreator.java
../../../scalac/symtab/classfile/JavaTypeFactory.java
../../../scalac/symtab/classfile/MetaParser.java
../../../scalac/symtab/classfile/PackageParser.java
../../../scalac/symtab/classfile/Signatures.java
../../../scalac/symtab/classfile/SymblParser.java
../../../scalac/symtab/classfile/Pickle.java
../../../scalac/symtab/classfile/UnPickle.java

../../../scalac/symtab/AttributeInfo.java
../../../scalac/symtab/ClosureHistory.java
../../../scalac/symtab/Definitions.java
../../../scalac/symtab/EntryTags.java
../../../scalac/symtab/Kinds.java
../../../scalac/symtab/Modifiers.java
../../../scalac/symtab/Scope.java
../../../scalac/symtab/SourceCompleter.java
../../../scalac/symtab/SymSet.java
../../../scalac/symtab/Symbol.java
../../../scalac/symtab/SymbolCloner.java
../../../scalac/symtab/SymbolComparator.java
../../../scalac/symtab/SymbolLoader.java
../../../scalac/symtab/SymbolNameWriter.java
../../../scalac/symtab/SymbolOrigin.java
../../../scalac/symtab/SymbolSubstTypeMap.java
../../../scalac/symtab/SymbolTablePrinter.java
../../../scalac/symtab/Type.java
../../../scalac/symtab/TypeTags.java

../../../scalac/transformer/AddAccessorsPhase.java
../../../scalac/transformer/AddConstructors.java
../../../scalac/transformer/AddConstructorsPhase.java
../../../scalac/transformer/AddInterfaces.java
../../../scalac/transformer/AddInterfacesPhase.java
../../../scalac/transformer/Erasure.java
../../../scalac/transformer/ErasurePhase.java
../../../scalac/transformer/ExpandMixinsPhase.java
../../../scalac/transformer/ExplicitOuterClassesPhase.java
../../../scalac/transformer/LambdaLift.java
../../../scalac/transformer/LambdaLiftPhase.java
../../../scalac/transformer/MakeBoxingExplicitPhase.java
../../../scalac/transformer/OwnerTransformer.java
../../../scalac/transformer/TailCallPhase.java
../../../scalac/transformer/TypesAsValuesPhase.java

../../../scalac/typechecker/AnalyzerPhase.java
../../../scalac/typechecker/Infer.java

../../../scalac/util/ArrayApply.java
../../../scalac/util/Debug.java
../../../scalac/util/EmptyPhase.java
../../../scalac/util/FreshNameCreator.java
../../../scalac/util/Name.java
../../../scalac/util/NameTransformer.java
../../../scalac/util/Names.java
../../../scalac/util/OptionParser.java
../../../scalac/util/PrefixMatcher.java
../../../scalac/util/SourceRepresentation.java
../../../scalac/util/Strings.java
../../../scalac/util/TermName.java
../../../scalac/util/TypeName.java
../../../scalac/util/TypeNames.java

../../../scalac/transformer/ICodePhase.java
../../../scalac/transformer/WholeProgPhase.java

CompilerPhases.scala
Global.scala
Main.scala

ast/TreeList.scala

ast/parser/MarkupParser.scala
ast/parser/Parser.scala
ast/parser/ParserPhase.scala
ast/parser/PatternNormalizer.scala
ast/parser/Scanner.scala
ast/parser/SymbolicXMLBuilder.scala
ast/parser/TokenData.scala
ast/parser/Tokens.scala

ast/printer/HTMLPrinter.scala
ast/printer/TextTreePrinter.scala
ast/printer/SwingPrinter.scala
ast/printer/TreeInfo.scala

transformer/TransMatch.scala
transformer/TransMatchPhase.scala
transformer/UnCurry.scala
transformer/UnCurryPhase.scala
transformer/matching/AlgebraicMatcher.scala
transformer/matching/Autom2Scala.scala
transformer/matching/BindingBerrySethi.scala
transformer/matching/BerrySethi.scala
transformer/matching/CaseEnv.scala
transformer/matching/CodeFactory.scala
transformer/matching/DetWordAutom.scala
transformer/matching/Label.scala
transformer/matching/LeftTracerInScala.scala
transformer/matching/NondetWordAutom.scala
transformer/matching/PartialMatcher.scala
transformer/matching/PatternMatcher.scala
transformer/matching/PatternNode.scala
transformer/matching/PatternNodeCreator.scala
transformer/matching/PatternTool.scala
transformer/matching/RightTracerInScala.scala
transformer/matching/TracerInScala.scala
transformer/matching/StateSetComparator.scala
transformer/matching/Npair.scala
transformer/matching/WordAutomInScala.scala
transformer/matching/SequenceMatcher.scala

#transformer/matching/FullRegularTranslator.scala 
#transformer/matching/MutableGrammar.scala 
#transformer/matching/NonTermFactory.scala 
#transformer/matching/PatternExp.scala 
#transformer/matching/PatternTest.scala 
#transformer/matching/PatternInfo.scala 

typechecker/Analyzer.scala
typechecker/AnalyzerPhase.scala
typechecker/ConstantFolder.scala
typechecker/Context.scala
typechecker/DeSugarize.scala
# typechecker/ImportList.scala
typechecker/Infer.scala
typechecker/RefCheck.scala
typechecker/RefCheckPhase.scala
typechecker/Substituter.scala
typechecker/View.scala

util/NewArray.scala

icode/ICodePhase.scala
icode/IBasicBlock.scala
icode/ICInstruction.scala
icode/ICode.scala
icode/ICodePrinter.scala
icode/ICTypeStack.scala

backend/GenJVMFromICode.scala

wholeprog/ApplicationBuilder.scala
wholeprog/PrintDotFile.scala
wholeprog/MonomorphicCS.scala
wholeprog/Inline.scala
wholeprog/WholeProgPhase.scala

wholeprog/graph/Graph.scala

##############################################################################
