############################################################-*-Makefile-*-####
# test files (paths are relative to ./test/files)
##############################################################################
# $Id$

dis/List.scala

jvm/JavaInteraction.scala
#jvm/matching.scala
jvm/serialization.scala
jvm/xmlLiterals.scala
jvm/xmlstuff.scala

neg/S2.scala
neg/S4.scala
neg/S6.scala
neg/S7.scala
neg/Y.scala
neg/abstract.scala
neg/altherr2.scala
neg/altherr3.scala
neg/bounds.scala
neg/bug105.scala
neg/bug106.scala
neg/bug107.scala
neg/bug112.scala
neg/bug113.scala
neg/bug117.scala
neg/bug118.scala
neg/bug122.scala
neg/bug128_129.scala
neg/bug144.scala
neg/bug145.scala
neg/bug152.scala
neg/bug169.scala
neg/bug170.scala
neg/bug191.scala
neg/bug228.scala
neg/bug236.scala
neg/bug283.scala
neg/bug38.scala
neg/bug40.scala
neg/bug43.scala
neg/bug44.scala
neg/bug45.scala
neg/bug47.scala
neg/bug52.scala
neg/bug58.scala
neg/bug63.scala
neg/bug67.scala
neg/bug72.scala
neg/bug74.scala
neg/bug75.scala
neg/bug86.scala
neg/bug87.scala
neg/bug95.scala
neg/bug96.scala
neg/bug97.scala
neg/bugs.scala
neg/constrparams.scala
neg/cyclic.scala
neg/dep.scala
neg/doubledefs.scala
neg/imports.scala
neg/matthias2.scala
neg/michel2.scala
neg/negSeq.scala
neg/overlapping.scala
neg/overload.scala
neg/protected.scala
neg/refine.scala
neg/seqtest.scala
neg/stable.scala
neg/tests.scala
neg/vincent1.scala
neg/xmlParsing001.scala
neg/xmlParsing002.scala
neg/xmlstart.scala

pos/304.scala
pos/A.scala
pos/List1.scala
pos/MailBox.scala
pos/S1.scala
pos/S3.scala
pos/S5.scala
pos/S8.scala
pos/X.scala
pos/Z.scala
pos/abstract.scala
pos/aliases.scala
pos/arrays2.scala
pos/attributes.scala
pos/bug082.scala
pos/bug1.scala
pos/bug115.scala
pos/bug116.scala
pos/bug119.scala
pos/bug121.scala
pos/bug123.scala
pos/bug124.scala
pos/bug151.scala
pos/bug159.scala
pos/bug160.scala
pos/bug17.scala
pos/bug175.scala
pos/bug177.scala
pos/bug183.scala
pos/bug193.scala
pos/bug2.scala
pos/bug20.scala
pos/bug201.scala
pos/bug204.scala
pos/bug210.scala
pos/bug211.scala
pos/bug229.scala
pos/bug245.scala
pos/bug267.scala
pos/bug287.scala
pos/bug289.scala
pos/bug29.scala
pos/bug295.scala
pos/bug30.scala
pos/bug304.scala
pos/bug31.scala
pos/bug318.scala
pos/bug32.scala
pos/bug342.scala
pos/bug359.scala
pos/bug36.scala
pos/bug360.scala
pos/bug361.scala
pos/bug372.scala
pos/bug39.scala
pos/bug49.scala
pos/bug53.scala
pos/bug54.scala
pos/bug61.scala
pos/bug64.scala
pos/bug66.scala
pos/bug68.scala
pos/bug69.scala
pos/bug76.scala
pos/bug81.scala
pos/bug85.scala
pos/bug91.scala
pos/bug93.scala
pos/cls.scala
pos/cls1.scala
pos/clsrefine.scala
pos/compile.scala
pos/compound.scala
pos/constfold.scala
pos/context.scala
pos/eta.scala
pos/exceptions.scala
pos/expressions-current.scala
pos/gui.scala
pos/imports.scala
pos/infer.scala
pos/infer2.scala
pos/lambda.scala
pos/lambdalift.scala
pos/lambdalift1.scala
pos/localmodules.scala
pos/matthias1.scala
pos/matthias3.scala
pos/matthias4.scala
pos/matthias5.scala
pos/maxim1.scala
pos/michel1.scala
pos/michel2.scala
pos/michel3.scala
pos/michel4.scala
pos/michel5.scala
pos/michel6.scala
pos/mixins.scala
pos/modules.scala
pos/modules1.scala
pos/moduletrans.scala
pos/nested.scala
pos/null.scala
pos/orderedpoints.scala
pos/override.scala
pos/partialfun.scala
pos/patterns.scala
pos/patterns1.scala
pos/patterns2.scala
pos/patterns3.scala
pos/philippe1.scala
pos/philippe2.scala
pos/philippe3.scala
pos/philippe4.scala
pos/pmbug.scala
pos/propagate.scala
pos/rebind.scala
pos/refine.scala
pos/reftest.scala
pos/scoping1.scala
pos/scoping2.scala
pos/scoping3.scala
pos/seqtest2.scala
pos/simplelists.scala
pos/stable.scala
pos/strings.scala
pos/test1.scala
pos/test2.scala
pos/test4.scala
pos/test4a.scala
pos/test4refine.scala
pos/test5.scala
pos/test5refine.scala
pos/testcast.scala
pos/thistype.scala
pos/thistypes.scala
pos/traits.scala
pos/valdefs.scala
pos/viewtest1.scala
pos/viewtest2.scala
pos/viewtest3.scala

run/Course-2002-01.scala
run/Course-2002-02.scala
run/Course-2002-03.scala
run/Course-2002-04.scala
run/Course-2002-05.scala
run/Course-2002-06.scala
run/Course-2002-07.scala
run/Course-2002-08.scala
run/Course-2002-09.scala
run/Course-2002-10.scala
run/Course-2002-13.scala
run/NestedClasses.scala
run/arrays.scala
run/bridges.scala
run/bugs.scala
run/constructors.scala
run/enums.scala
run/exceptions.scala
run/imports.scala
run/iq.scala
run/lisp.scala
run/lists.scala
run/literals.scala
run/map_test.scala
run/misc.scala
run/mixins.scala
run/overloads.scala
run/regularpatmat.scala
run/runtime.scala
run/tailcalls.scala

shl/basic.scala

#xml/lnk.scala
#xml/xhtml.scala

##############################################################################
