############################################################-*-Makefile-*-####
# runtime test files (paths are relative to ./test/files)
##############################################################################
# $Id$

dis/List.scala

jvm/JavaInteraction.scala
jvm/matching.scala
jvm/xmlLiterals.scala
jvm/xmlstuff.scala

run/Course-2002-01.scala
run/Course-2002-02.scala
run/Course-2002-03.scala
run/Course-2002-04.scala
run/Course-2002-05.scala
run/Course-2002-06.scala
run/Course-2002-07.scala
run/Course-2002-08.scala
run/Course-2002-09.scala
run/Course-2002-10.scala
run/Course-2002-13.scala
run/NestedClasses.scala
run/arrays.scala
run/bridges.scala
run/bugs.scala
run/constructors.scala
run/enums.scala
run/exceptions.scala
run/imports.scala
run/iq.scala
run/lisp.scala
run/literals.scala
run/map_test.scala
run/misc.scala
run/mixins.scala
run/overloads.scala
run/regularpatmat.scala
run/runtime.scala
run/tailcalls.scala

shl/basic.scala

xml/lnk.scala
xml/xhtml.scala

##############################################################################
