################################################################-*-text-*-####
# positive compilation test files (paths are relative to ./test)
##############################################################################
# $Id$

pos/A.scala
pos/IntSet.scala
pos/List1.scala
pos/Rational.scala
pos/S1.scala
pos/S3.scala
pos/S5.scala
pos/S8.scala
pos/X.scala
pos/Y.scala
pos/Z.scala
pos/abstract.scala
pos/aliases.scala
pos/cls.scala
pos/cls1.scala
pos/clsrefine.scala
pos/cours1.scala
pos/cours2.scala
pos/cours2a.scala
pos/cours2b.scala
pos/cours2c.scala
pos/eta.scala
pos/exceptions.scala
pos/imports.scala
pos/infer.scala
pos/lambda.scala
pos/lambdalift.scala
pos/lambdalift1.scala
pos/localmodules.scala
pos/matthias1.scala
pos/matthias3.scala
pos/matthias4.scala
pos/matthias5.scala
pos/maxim1.scala
pos/michel1.scala
pos/michel2.scala
pos/michel3.scala
pos/michel4.scala
pos/michel5.scala
pos/modules.scala
pos/modules1.scala
pos/moduletrans.scala
pos/nested.scala
pos/null.scala
pos/override.scala
pos/partialfun.scala
pos/patterns.scala
pos/patterns1.scala
pos/patterns2.scala
pos/philippe1.scala
pos/philippe2.scala
pos/philippe3.scala
pos/reftest.scala
pos/sort1.scala
pos/sqrt.scala
pos/stable.scala
pos/strings.scala
pos/test1.scala
pos/test2.scala
pos/test4.scala
pos/test4a.scala
pos/test4refine.scala
pos/test5.scala
pos/test5refine.scala
pos/thistypes.scala
pos/valdefs.scala
pos/vincent.scala

cours/constr.scala
cours/lisp.scala
cours/sim.scala
cours/week10.scala
cours/week10a.scala

##############################################################################
