############################################################-*-Makefile-*-####
# negative compilation test files (paths are relative to ./test/files)
##############################################################################
# $Id$

neg/S2.scala
neg/S4.scala
neg/S6.scala
neg/S7.scala
neg/Y.scala
neg/abstract.scala
neg/altherr2.scala
neg/altherr3.scala
neg/bounds.scala
neg/bug105.scala
neg/bug106.scala
neg/bug107.scala
neg/bug112.scala
neg/bug113.scala
neg/bug117.scala
neg/bug118.scala
neg/bug122.scala
neg/bug128_129.scala
neg/bug144.scala
neg/bug145.scala
neg/bug152.scala
neg/bug169.scala
neg/bug170.scala
neg/bug191.scala
neg/bug228.scala
neg/bug236.scala
neg/bug283.scala
neg/bug38.scala
neg/bug40.scala
neg/bug43.scala
neg/bug44.scala
neg/bug45.scala
neg/bug47.scala
neg/bug52.scala
neg/bug58.scala
neg/bug63.scala
neg/bug67.scala
neg/bug72.scala
neg/bug74.scala
neg/bug75.scala
neg/bug86.scala
neg/bug87.scala
neg/bug95.scala
neg/bug96.scala
neg/bug97.scala
neg/bugs.scala
neg/constrparams.scala
neg/cyclic.scala
neg/dep.scala
neg/doubledefs.scala
neg/imports.scala
neg/matthias2.scala
neg/michel2.scala
neg/overlapping.scala
neg/overload.scala
neg/protected.scala
neg/refine.scala
neg/seqtest.scala
neg/stable.scala
neg/tests.scala
neg/vincent1.scala
neg/xmlParsing001.scala
neg/xmlParsing002.scala

##############################################################################
