############################################################-*-Makefile-*-####
# positive compilation test files (paths are relative to ./test/files)
##############################################################################
# $Id$

pos/304.scala
pos/A.scala
pos/List1.scala
pos/MailBox.scala
pos/S1.scala
pos/S3.scala
pos/S5.scala
pos/S8.scala
pos/X.scala
pos/Z.scala
pos/abstract.scala
pos/aliases.scala
pos/arrays2.scala
pos/bug082.scala
pos/bug1.scala
pos/bug115.scala
pos/bug116.scala
pos/bug119.scala
pos/bug121.scala
pos/bug123.scala
pos/bug124.scala
pos/bug151.scala
pos/bug159.scala
pos/bug160.scala
pos/bug17.scala
pos/bug175.scala
pos/bug177.scala
pos/bug183.scala
pos/bug193.scala
pos/bug2.scala
pos/bug20.scala
pos/bug201.scala
pos/bug204.scala
pos/bug210.scala
pos/bug211.scala
pos/bug229.scala
pos/bug245.scala
pos/bug267.scala
pos/bug289.scala
pos/bug29.scala
pos/bug295.scala
pos/bug30.scala
pos/bug304.scala
pos/bug31.scala
pos/bug318.scala
pos/bug32.scala
pos/bug36.scala
pos/bug39.scala
pos/bug49.scala
pos/bug53.scala
pos/bug54.scala
pos/bug61.scala
pos/bug64.scala
pos/bug66.scala
pos/bug68.scala
pos/bug69.scala
pos/bug76.scala
pos/bug81.scala
pos/bug85.scala
pos/bug91.scala
pos/bug93.scala
pos/cls.scala
pos/cls1.scala
pos/clsrefine.scala
pos/compile.scala
pos/compound.scala
pos/constfold.scala
pos/eta.scala
pos/exceptions.scala
pos/expressions-current.scala
pos/gui.scala
pos/imports.scala
pos/infer.scala
pos/infer2.scala
pos/lambda.scala
pos/lambdalift.scala
pos/lambdalift1.scala
pos/localmodules.scala
pos/matthias1.scala
pos/matthias3.scala
pos/matthias4.scala
pos/matthias5.scala
pos/maxim1.scala
pos/michel1.scala
pos/michel2.scala
pos/michel3.scala
pos/michel4.scala
pos/michel5.scala
pos/michel6.scala
pos/mixins.scala
pos/modules.scala
pos/modules1.scala
pos/moduletrans.scala
pos/nested.scala
pos/null.scala
pos/orderedpoints.scala
pos/override.scala
pos/partialfun.scala
pos/patterns.scala
pos/patterns1.scala
pos/patterns2.scala
pos/patterns3.scala
pos/philippe1.scala
pos/philippe2.scala
pos/philippe3.scala
pos/philippe4.scala
pos/pmbug.scala
pos/propagate.scala
pos/rebind.scala
pos/refine.scala
pos/reftest.scala
pos/scoping1.scala
pos/scoping2.scala
pos/scoping3.scala
pos/seqtest2.scala
pos/simplelists.scala
pos/stable.scala
pos/strings.scala
pos/test1.scala
pos/test2.scala
pos/test4.scala
pos/test4a.scala
pos/test4refine.scala
pos/test5.scala
pos/test5refine.scala
pos/testcast.scala
pos/thistype.scala
pos/thistypes.scala
pos/traits.scala
pos/valdefs.scala
pos/viewtest1.scala
pos/viewtest2.scala
pos/viewtest3.scala

##############################################################################
