############################################################-*-Makefile-*-####
# website files (paths are relative to ./website/sources)
##############################################################################
# $Id$

robots.txt

bugs/index.html

community/activities.html
community/index.html

css/acrobat.css
css/index.html
css/print.css
css/screen.css

docu/ant.html
docu/faq.html
docu/index.html
docu/rationale.html
docu/related.html
docu/clr/index.html
docu/clr/quirks.html

downloads/changes.html
downloads/history.html
downloads/index.html
downloads/install.html
downloads/instructions.html
downloads/distrib/index.html
downloads/license.html
downloads/js/ia.js
downloads/js/ia_fr.js
downloads/status.html

examples/index.html
examples/more.html

images/arobase.gif
images/background.gif
images/bz2.gif
images/classhierarchy.png
images/colpoint2d.png
images/colpoint3d.png
images/html1.gif
images/index.html
images/small_pdf.png
images/small_ps.png
images/tgz.gif
images/valid-xhtml11.png
images/zip.gif

index.html

intro/abstracttypes.html
intro/caseclasses.html
intro/classes.html
intro/coercions.html
intro/compoundtypes.html
intro/comprehensions.html
intro/currying.html
intro/funnesting.html
intro/funsyntax.html
intro/generics.html
intro/hofuns.html
intro/inference.html
intro/innerclasses.html
intro/lowbounds.html
intro/mixin.html
intro/operators.html
intro/patmatch.html
intro/polymethods.html
intro/regexppat.html
intro/selfrefs.html
intro/subclassing.html
intro/targettyping.html
intro/traits.html
intro/unifiedtypes.html
intro/upbounds.html
intro/variances.html
intro/views.html
intro/xml.html

#js/decls.js
#js/decls_fr.js
#js/index.html

##############################################################################
